// Jest Snapshot v1, https://goo.gl/fbAQLP

exports[`Calculator #0 - Snapshot 1`] = `ShallowWrapper {}`;
