// Jest Snapshot v1, https://goo.gl/fbAQLP

exports[`Display #0. Snapshot 1`] = `ShallowWrapper {}`;
