// Jest Snapshot v1, https://goo.gl/fbAQLP

exports[`App #0. Snapshot 1`] = `ShallowWrapper {}`;
